<html>
<body>
<pre>
<h1>µVision Build Log</h1>
<h2>Project:</h2>
E:\laodu\switch\m0516\code\Project\switch.uvproj
Project File Date:  03/13/2013

<h2>Output:</h2>
Build target 'switch'
creating preprocessor file for core_cm0.c...
compiling core_cm0.c...
assembling startup_M051Series.s...
creating preprocessor file for system_M051Series.c...
compiling system_M051Series.c...
creating preprocessor file for main.c...
compiling main.c...
..\src\main.c(171): warning:  #550-D: variable "u16RisingTime" was set but never used
..\src\main.c(171): warning:  #550-D: variable "u16FallingTime" was set but never used
..\src\main.c(171): warning:  #550-D: variable "u16HighPeroid" was set but never used
..\src\main.c(171): warning:  #550-D: variable "u16LowPeroid" was set but never used
..\src\main.c(171): warning:  #550-D: variable "u16TotalPeroid" was set but never used
..\src\main.c(501): warning:  #68-D: integer conversion resulted in a change of sign
..\src\main.c(565): warning:  #111-D: statement is unreachable
creating preprocessor file for retarget.c...
compiling retarget.c...
linking...
Program Size: Code=1380 RO-data=224 RW-data=112 ZI-data=544  
User command #1: fromelf --bin ".\obj\switch.axf" --output ".\obj\switch.bin"
User command #2: fromelf --text -c ".\obj\switch.axf" --output ".\obj\switch.txt"
".\obj\switch.axf" - 0 Error(s), 7 Warning(s).
Build target 'switch'
creating preprocessor file for core_cm0.c...
compiling core_cm0.c...
assembling startup_M051Series.s...
creating preprocessor file for system_M051Series.c...
compiling system_M051Series.c...
creating preprocessor file for main.c...
compiling main.c...
..\src\main.c(502): warning:  #68-D: integer conversion resulted in a change of sign
..\src\main.c(566): warning:  #111-D: statement is unreachable
creating preprocessor file for retarget.c...
compiling retarget.c...
linking...
Program Size: Code=1368 RO-data=224 RW-data=112 ZI-data=544  
User command #1: fromelf --bin ".\obj\switch.axf" --output ".\obj\switch.bin"
User command #2: fromelf --text -c ".\obj\switch.axf" --output ".\obj\switch.txt"
".\obj\switch.axf" - 0 Error(s), 2 Warning(s).
Build target 'switch'
creating preprocessor file for core_cm0.c...
compiling core_cm0.c...
assembling startup_M051Series.s...
creating preprocessor file for system_M051Series.c...
compiling system_M051Series.c...
creating preprocessor file for main.c...
compiling main.c...
..\src\main.c(566): warning:  #111-D: statement is unreachable
creating preprocessor file for retarget.c...
compiling retarget.c...
linking...
Program Size: Code=1372 RO-data=224 RW-data=112 ZI-data=544  
User command #1: fromelf --bin ".\obj\switch.axf" --output ".\obj\switch.bin"
User command #2: fromelf --text -c ".\obj\switch.axf" --output ".\obj\switch.txt"
".\obj\switch.axf" - 0 Error(s), 1 Warning(s).
Build target 'switch'
creating preprocessor file for core_cm0.c...
compiling core_cm0.c...
assembling startup_M051Series.s...
creating preprocessor file for system_M051Series.c...
compiling system_M051Series.c...
creating preprocessor file for main.c...
compiling main.c...
..\src\main.c(566): warning:  #111-D: statement is unreachable
creating preprocessor file for retarget.c...
compiling retarget.c...
linking...
Program Size: Code=1372 RO-data=224 RW-data=112 ZI-data=544  
User command #1: fromelf --bin ".\obj\switch.axf" --output ".\obj\switch.bin"
User command #2: fromelf --text -c ".\obj\switch.axf" --output ".\obj\switch.txt"
".\obj\switch.axf" - 0 Error(s), 1 Warning(s).
Build target 'switch'
creating preprocessor file for core_cm0.c...
compiling core_cm0.c...
assembling startup_M051Series.s...
creating preprocessor file for system_M051Series.c...
compiling system_M051Series.c...
creating preprocessor file for main.c...
compiling main.c...
creating preprocessor file for retarget.c...
compiling retarget.c...
linking...
Program Size: Code=1372 RO-data=224 RW-data=112 ZI-data=544  
User command #1: fromelf --bin ".\obj\switch.axf" --output ".\obj\switch.bin"
User command #2: fromelf --text -c ".\obj\switch.axf" --output ".\obj\switch.txt"
".\obj\switch.axf" - 0 Error(s), 0 Warning(s).
Build target 'switch'
creating preprocessor file for core_cm0.c...
compiling core_cm0.c...
assembling startup_M051Series.s...
creating preprocessor file for system_M051Series.c...
compiling system_M051Series.c...
creating preprocessor file for main.c...
compiling main.c...
creating preprocessor file for retarget.c...
compiling retarget.c...
linking...
Program Size: Code=1372 RO-data=224 RW-data=112 ZI-data=544  
User command #1: fromelf --bin ".\obj\switch.axf" --output ".\obj\switch.bin"
User command #2: fromelf --text -c ".\obj\switch.axf" --output ".\obj\switch.txt"
".\obj\switch.axf" - 0 Error(s), 0 Warning(s).
Load "E:\\laodu\\switch\\m0516\\code\\Project\\obj\\switch.AXF" 
Build target 'switch'
creating preprocessor file for core_cm0.c...
compiling core_cm0.c...
assembling startup_M051Series.s...
creating preprocessor file for system_M051Series.c...
compiling system_M051Series.c...
creating preprocessor file for main.c...
compiling main.c...
creating preprocessor file for retarget.c...
compiling retarget.c...
linking...
Program Size: Code=1364 RO-data=224 RW-data=112 ZI-data=544  
User command #1: fromelf --bin ".\obj\switch.axf" --output ".\obj\switch.bin"
User command #2: fromelf --text -c ".\obj\switch.axf" --output ".\obj\switch.txt"
".\obj\switch.axf" - 0 Error(s), 0 Warning(s).
Load "E:\\laodu\\switch\\m0516\\code\\Project\\obj\\switch.AXF" 
Build target 'switch'
creating preprocessor file for core_cm0.c...
compiling core_cm0.c...
assembling startup_M051Series.s...
creating preprocessor file for system_M051Series.c...
compiling system_M051Series.c...
creating preprocessor file for main.c...
compiling main.c...
creating preprocessor file for retarget.c...
compiling retarget.c...
linking...
Program Size: Code=1384 RO-data=224 RW-data=112 ZI-data=544  
User command #1: fromelf --bin ".\obj\switch.axf" --output ".\obj\switch.bin"
User command #2: fromelf --text -c ".\obj\switch.axf" --output ".\obj\switch.txt"
".\obj\switch.axf" - 0 Error(s), 0 Warning(s).
Load "E:\\laodu\\switch\\m0516\\code\\Project\\obj\\switch.AXF" 
Build target 'switch'
creating preprocessor file for core_cm0.c...
compiling core_cm0.c...
assembling startup_M051Series.s...
creating preprocessor file for system_M051Series.c...
compiling system_M051Series.c...
creating preprocessor file for main.c...
compiling main.c...
creating preprocessor file for retarget.c...
compiling retarget.c...
linking...
Program Size: Code=1384 RO-data=224 RW-data=112 ZI-data=544  
User command #1: fromelf --bin ".\obj\switch.axf" --output ".\obj\switch.bin"
User command #2: fromelf --text -c ".\obj\switch.axf" --output ".\obj\switch.txt"
".\obj\switch.axf" - 0 Error(s), 0 Warning(s).
Load "E:\\laodu\\switch\\m0516\\code\\Project\\obj\\switch.AXF" 
Build target 'switch'
creating preprocessor file for core_cm0.c...
compiling core_cm0.c...
assembling startup_M051Series.s...
creating preprocessor file for system_M051Series.c...
compiling system_M051Series.c...
creating preprocessor file for main.c...
compiling main.c...
creating preprocessor file for retarget.c...
compiling retarget.c...
linking...
Program Size: Code=1368 RO-data=224 RW-data=112 ZI-data=544  
User command #1: fromelf --bin ".\obj\switch.axf" --output ".\obj\switch.bin"
User command #2: fromelf --text -c ".\obj\switch.axf" --output ".\obj\switch.txt"
".\obj\switch.axf" - 0 Error(s), 0 Warning(s).
Load "E:\\laodu\\switch\\m0516\\code\\Project\\obj\\switch.AXF" 
Build target 'switch'
creating preprocessor file for core_cm0.c...
compiling core_cm0.c...
assembling startup_M051Series.s...
creating preprocessor file for system_M051Series.c...
compiling system_M051Series.c...
creating preprocessor file for main.c...
compiling main.c...
creating preprocessor file for retarget.c...
compiling retarget.c...
linking...
Program Size: Code=1388 RO-data=224 RW-data=112 ZI-data=544  
User command #1: fromelf --bin ".\obj\switch.axf" --output ".\obj\switch.bin"
User command #2: fromelf --text -c ".\obj\switch.axf" --output ".\obj\switch.txt"
".\obj\switch.axf" - 0 Error(s), 0 Warning(s).
Build target 'switch'
creating preprocessor file for core_cm0.c...
compiling core_cm0.c...
assembling startup_M051Series.s...
creating preprocessor file for system_M051Series.c...
compiling system_M051Series.c...
creating preprocessor file for main.c...
compiling main.c...
creating preprocessor file for retarget.c...
compiling retarget.c...
linking...
Program Size: Code=1388 RO-data=224 RW-data=112 ZI-data=544  
User command #1: fromelf --bin ".\obj\switch.axf" --output ".\obj\switch.bin"
User command #2: fromelf --text -c ".\obj\switch.axf" --output ".\obj\switch.txt"
".\obj\switch.axf" - 0 Error(s), 0 Warning(s).
Load "E:\\laodu\\switch\\m0516\\code\\Project\\obj\\switch.AXF" 
Build target 'switch'
creating preprocessor file for core_cm0.c...
compiling core_cm0.c...
assembling startup_M051Series.s...
creating preprocessor file for system_M051Series.c...
compiling system_M051Series.c...
creating preprocessor file for main.c...
compiling main.c...
creating preprocessor file for retarget.c...
compiling retarget.c...
linking...
Program Size: Code=1388 RO-data=224 RW-data=112 ZI-data=544  
User command #1: fromelf --bin ".\obj\switch.axf" --output ".\obj\switch.bin"
User command #2: fromelf --text -c ".\obj\switch.axf" --output ".\obj\switch.txt"
".\obj\switch.axf" - 0 Error(s), 0 Warning(s).
Load "E:\\laodu\\switch\\m0516\\code\\Project\\obj\\switch.AXF" 
Build target 'switch'
creating preprocessor file for core_cm0.c...
compiling core_cm0.c...
assembling startup_M051Series.s...
creating preprocessor file for system_M051Series.c...
compiling system_M051Series.c...
creating preprocessor file for main.c...
compiling main.c...
creating preprocessor file for retarget.c...
compiling retarget.c...
linking...
Program Size: Code=1376 RO-data=224 RW-data=112 ZI-data=544  
User command #1: fromelf --bin ".\obj\switch.axf" --output ".\obj\switch.bin"
User command #2: fromelf --text -c ".\obj\switch.axf" --output ".\obj\switch.txt"
".\obj\switch.axf" - 0 Error(s), 0 Warning(s).
Load "E:\\laodu\\switch\\m0516\\code\\Project\\obj\\switch.AXF" 
Build target 'switch'
creating preprocessor file for core_cm0.c...
compiling core_cm0.c...
assembling startup_M051Series.s...
creating preprocessor file for system_M051Series.c...
compiling system_M051Series.c...
creating preprocessor file for main.c...
compiling main.c...
creating preprocessor file for retarget.c...
compiling retarget.c...
linking...
Program Size: Code=1448 RO-data=224 RW-data=112 ZI-data=544  
User command #1: fromelf --bin ".\obj\switch.axf" --output ".\obj\switch.bin"
User command #2: fromelf --text -c ".\obj\switch.axf" --output ".\obj\switch.txt"
".\obj\switch.axf" - 0 Error(s), 0 Warning(s).
Load "E:\\laodu\\switch\\m0516\\code\\Project\\obj\\switch.AXF" 
Build target 'switch'
creating preprocessor file for core_cm0.c...
compiling core_cm0.c...
assembling startup_M051Series.s...
creating preprocessor file for system_M051Series.c...
compiling system_M051Series.c...
creating preprocessor file for main.c...
compiling main.c...
creating preprocessor file for retarget.c...
compiling retarget.c...
linking...
Program Size: Code=1412 RO-data=224 RW-data=112 ZI-data=544  
User command #1: fromelf --bin ".\obj\switch.axf" --output ".\obj\switch.bin"
User command #2: fromelf --text -c ".\obj\switch.axf" --output ".\obj\switch.txt"
".\obj\switch.axf" - 0 Error(s), 0 Warning(s).
Load "E:\\laodu\\switch\\m0516\\code\\Project\\obj\\switch.AXF" 
Build target 'switch'
creating preprocessor file for core_cm0.c...
compiling core_cm0.c...
assembling startup_M051Series.s...
creating preprocessor file for system_M051Series.c...
compiling system_M051Series.c...
creating preprocessor file for main.c...
compiling main.c...
creating preprocessor file for retarget.c...
compiling retarget.c...
linking...
Program Size: Code=1448 RO-data=224 RW-data=112 ZI-data=544  
User command #1: fromelf --bin ".\obj\switch.axf" --output ".\obj\switch.bin"
User command #2: fromelf --text -c ".\obj\switch.axf" --output ".\obj\switch.txt"
".\obj\switch.axf" - 0 Error(s), 0 Warning(s).
Load "E:\\laodu\\switch\\m0516\\code\\Project\\obj\\switch.AXF" 
Build target 'switch'
creating preprocessor file for core_cm0.c...
compiling core_cm0.c...
assembling startup_M051Series.s...
creating preprocessor file for system_M051Series.c...
compiling system_M051Series.c...
creating preprocessor file for main.c...
compiling main.c...
creating preprocessor file for retarget.c...
compiling retarget.c...
linking...
Program Size: Code=1460 RO-data=224 RW-data=112 ZI-data=544  
User command #1: fromelf --bin ".\obj\switch.axf" --output ".\obj\switch.bin"
User command #2: fromelf --text -c ".\obj\switch.axf" --output ".\obj\switch.txt"
".\obj\switch.axf" - 0 Error(s), 0 Warning(s).
Load "E:\\laodu\\switch\\m0516\\code\\Project\\obj\\switch.AXF" 
Build target 'switch'
creating preprocessor file for core_cm0.c...
compiling core_cm0.c...
assembling startup_M051Series.s...
creating preprocessor file for system_M051Series.c...
compiling system_M051Series.c...
creating preprocessor file for main.c...
compiling main.c...
creating preprocessor file for retarget.c...
compiling retarget.c...
linking...
Program Size: Code=1496 RO-data=224 RW-data=112 ZI-data=544  
User command #1: fromelf --bin ".\obj\switch.axf" --output ".\obj\switch.bin"
User command #2: fromelf --text -c ".\obj\switch.axf" --output ".\obj\switch.txt"
".\obj\switch.axf" - 0 Error(s), 0 Warning(s).
Load "E:\\laodu\\switch\\m0516\\code\\Project\\obj\\switch.AXF" 
Build target 'switch'
creating preprocessor file for core_cm0.c...
compiling core_cm0.c...
assembling startup_M051Series.s...
creating preprocessor file for system_M051Series.c...
compiling system_M051Series.c...
creating preprocessor file for main.c...
compiling main.c...
creating preprocessor file for retarget.c...
compiling retarget.c...
linking...
Program Size: Code=1496 RO-data=224 RW-data=112 ZI-data=544  
User command #1: fromelf --bin ".\obj\switch.axf" --output ".\obj\switch.bin"
User command #2: fromelf --text -c ".\obj\switch.axf" --output ".\obj\switch.txt"
".\obj\switch.axf" - 0 Error(s), 0 Warning(s).
Build target 'switch'
creating preprocessor file for core_cm0.c...
compiling core_cm0.c...
assembling startup_M051Series.s...
creating preprocessor file for system_M051Series.c...
compiling system_M051Series.c...
creating preprocessor file for main.c...
compiling main.c...
..\src\main.c(313): warning:  #175-D: subscript out of range
creating preprocessor file for retarget.c...
compiling retarget.c...
linking...
Program Size: Code=1644 RO-data=224 RW-data=112 ZI-data=544  
User command #1: fromelf --bin ".\obj\switch.axf" --output ".\obj\switch.bin"
User command #2: fromelf --text -c ".\obj\switch.axf" --output ".\obj\switch.txt"
".\obj\switch.axf" - 0 Error(s), 1 Warning(s).
Load "E:\\laodu\\switch\\m0516\\code\\Project\\obj\\switch.AXF" 
Build target 'switch'
creating preprocessor file for core_cm0.c...
compiling core_cm0.c...
assembling startup_M051Series.s...
creating preprocessor file for system_M051Series.c...
compiling system_M051Series.c...
creating preprocessor file for main.c...
compiling main.c...
..\src\main.c(313): warning:  #175-D: subscript out of range
creating preprocessor file for retarget.c...
compiling retarget.c...
linking...
Program Size: Code=1652 RO-data=224 RW-data=112 ZI-data=544  
User command #1: fromelf --bin ".\obj\switch.axf" --output ".\obj\switch.bin"
User command #2: fromelf --text -c ".\obj\switch.axf" --output ".\obj\switch.txt"
".\obj\switch.axf" - 0 Error(s), 1 Warning(s).
Build target 'switch'
creating preprocessor file for core_cm0.c...
compiling core_cm0.c...
assembling startup_M051Series.s...
creating preprocessor file for system_M051Series.c...
compiling system_M051Series.c...
creating preprocessor file for main.c...
compiling main.c...
..\src\main.c(313): warning:  #175-D: subscript out of range
creating preprocessor file for retarget.c...
compiling retarget.c...
linking...
Program Size: Code=1652 RO-data=224 RW-data=112 ZI-data=544  
User command #1: fromelf --bin ".\obj\switch.axf" --output ".\obj\switch.bin"
User command #2: fromelf --text -c ".\obj\switch.axf" --output ".\obj\switch.txt"
".\obj\switch.axf" - 0 Error(s), 1 Warning(s).
Load "E:\\laodu\\switch\\m0516\\code\\Project\\obj\\switch.AXF" 
Build target 'switch'
creating preprocessor file for core_cm0.c...
compiling core_cm0.c...
assembling startup_M051Series.s...
creating preprocessor file for system_M051Series.c...
compiling system_M051Series.c...
creating preprocessor file for main.c...
compiling main.c...
..\src\main.c(312): warning:  #175-D: subscript out of range
creating preprocessor file for retarget.c...
compiling retarget.c...
linking...
Program Size: Code=1652 RO-data=224 RW-data=112 ZI-data=544  
User command #1: fromelf --bin ".\obj\switch.axf" --output ".\obj\switch.bin"
User command #2: fromelf --text -c ".\obj\switch.axf" --output ".\obj\switch.txt"
".\obj\switch.axf" - 0 Error(s), 1 Warning(s).
Build target 'switch'
creating preprocessor file for core_cm0.c...
compiling core_cm0.c...
assembling startup_M051Series.s...
creating preprocessor file for system_M051Series.c...
compiling system_M051Series.c...
creating preprocessor file for main.c...
compiling main.c...
creating preprocessor file for retarget.c...
compiling retarget.c...
linking...
Program Size: Code=1644 RO-data=224 RW-data=112 ZI-data=544  
User command #1: fromelf --bin ".\obj\switch.axf" --output ".\obj\switch.bin"
User command #2: fromelf --text -c ".\obj\switch.axf" --output ".\obj\switch.txt"
".\obj\switch.axf" - 0 Error(s), 0 Warning(s).
Load "E:\\laodu\\switch\\m0516\\code\\Project\\obj\\switch.AXF" 
Build target 'switch'
creating preprocessor file for core_cm0.c...
compiling core_cm0.c...
assembling startup_M051Series.s...
creating preprocessor file for system_M051Series.c...
compiling system_M051Series.c...
creating preprocessor file for main.c...
compiling main.c...
creating preprocessor file for retarget.c...
compiling retarget.c...
linking...
Program Size: Code=1648 RO-data=224 RW-data=112 ZI-data=544  
User command #1: fromelf --bin ".\obj\switch.axf" --output ".\obj\switch.bin"
User command #2: fromelf --text -c ".\obj\switch.axf" --output ".\obj\switch.txt"
".\obj\switch.axf" - 0 Error(s), 0 Warning(s).
Load "E:\\laodu\\switch\\m0516\\code\\Project\\obj\\switch.AXF" 
Build target 'switch'
creating preprocessor file for core_cm0.c...
compiling core_cm0.c...
assembling startup_M051Series.s...
creating preprocessor file for system_M051Series.c...
compiling system_M051Series.c...
creating preprocessor file for main.c...
compiling main.c...
creating preprocessor file for retarget.c...
compiling retarget.c...
linking...
Program Size: Code=1648 RO-data=224 RW-data=112 ZI-data=544  
User command #1: fromelf --bin ".\obj\switch.axf" --output ".\obj\switch.bin"
User command #2: fromelf --text -c ".\obj\switch.axf" --output ".\obj\switch.txt"
".\obj\switch.axf" - 0 Error(s), 0 Warning(s).
Load "E:\\laodu\\switch\\m0516\\code\\Project\\obj\\switch.AXF" 
Build target 'switch'
creating preprocessor file for core_cm0.c...
compiling core_cm0.c...
assembling startup_M051Series.s...
creating preprocessor file for system_M051Series.c...
compiling system_M051Series.c...
creating preprocessor file for main.c...
compiling main.c...
creating preprocessor file for retarget.c...
compiling retarget.c...
linking...
Program Size: Code=1636 RO-data=224 RW-data=112 ZI-data=544  
User command #1: fromelf --bin ".\obj\switch.axf" --output ".\obj\switch.bin"
User command #2: fromelf --text -c ".\obj\switch.axf" --output ".\obj\switch.txt"
".\obj\switch.axf" - 0 Error(s), 0 Warning(s).
Load "E:\\laodu\\switch\\m0516\\code\\Project\\obj\\switch.AXF" 
Build target 'switch'
creating preprocessor file for core_cm0.c...
compiling core_cm0.c...
assembling startup_M051Series.s...
creating preprocessor file for system_M051Series.c...
compiling system_M051Series.c...
creating preprocessor file for main.c...
compiling main.c...
creating preprocessor file for retarget.c...
compiling retarget.c...
linking...
Program Size: Code=1656 RO-data=224 RW-data=112 ZI-data=544  
User command #1: fromelf --bin ".\obj\switch.axf" --output ".\obj\switch.bin"
User command #2: fromelf --text -c ".\obj\switch.axf" --output ".\obj\switch.txt"
".\obj\switch.axf" - 0 Error(s), 0 Warning(s).
Load "E:\\laodu\\switch\\m0516\\code\\Project\\obj\\switch.AXF" 
Build target 'switch'
creating preprocessor file for core_cm0.c...
compiling core_cm0.c...
assembling startup_M051Series.s...
creating preprocessor file for system_M051Series.c...
compiling system_M051Series.c...
creating preprocessor file for main.c...
compiling main.c...
creating preprocessor file for retarget.c...
compiling retarget.c...
linking...
Program Size: Code=1656 RO-data=224 RW-data=112 ZI-data=544  
User command #1: fromelf --bin ".\obj\switch.axf" --output ".\obj\switch.bin"
User command #2: fromelf --text -c ".\obj\switch.axf" --output ".\obj\switch.txt"
".\obj\switch.axf" - 0 Error(s), 0 Warning(s).
Load "E:\\laodu\\switch\\m0516\\code\\Project\\obj\\switch.AXF" 
Build target 'switch'
creating preprocessor file for core_cm0.c...
compiling core_cm0.c...
assembling startup_M051Series.s...
creating preprocessor file for system_M051Series.c...
compiling system_M051Series.c...
creating preprocessor file for main.c...
compiling main.c...
creating preprocessor file for retarget.c...
compiling retarget.c...
linking...
Program Size: Code=1652 RO-data=224 RW-data=112 ZI-data=544  
User command #1: fromelf --bin ".\obj\switch.axf" --output ".\obj\switch.bin"
User command #2: fromelf --text -c ".\obj\switch.axf" --output ".\obj\switch.txt"
".\obj\switch.axf" - 0 Error(s), 0 Warning(s).
Load "E:\\laodu\\switch\\m0516\\code\\Project\\obj\\switch.AXF" 
Build target 'switch'
creating preprocessor file for core_cm0.c...
compiling core_cm0.c...
assembling startup_M051Series.s...
creating preprocessor file for system_M051Series.c...
compiling system_M051Series.c...
creating preprocessor file for main.c...
compiling main.c...
creating preprocessor file for retarget.c...
compiling retarget.c...
linking...
Program Size: Code=1652 RO-data=224 RW-data=112 ZI-data=544  
User command #1: fromelf --bin ".\obj\switch.axf" --output ".\obj\switch.bin"
User command #2: fromelf --text -c ".\obj\switch.axf" --output ".\obj\switch.txt"
".\obj\switch.axf" - 0 Error(s), 0 Warning(s).
Load "E:\\laodu\\switch\\m0516\\code\\Project\\obj\\switch.AXF" 
Build target 'switch'
creating preprocessor file for core_cm0.c...
compiling core_cm0.c...
assembling startup_M051Series.s...
creating preprocessor file for system_M051Series.c...
compiling system_M051Series.c...
creating preprocessor file for main.c...
compiling main.c...
creating preprocessor file for retarget.c...
compiling retarget.c...
linking...
Program Size: Code=1652 RO-data=224 RW-data=112 ZI-data=544  
User command #1: fromelf --bin ".\obj\switch.axf" --output ".\obj\switch.bin"
User command #2: fromelf --text -c ".\obj\switch.axf" --output ".\obj\switch.txt"
".\obj\switch.axf" - 0 Error(s), 0 Warning(s).
Load "E:\\laodu\\switch\\m0516\\code\\Project\\obj\\switch.AXF" 
Build target 'switch'
creating preprocessor file for core_cm0.c...
compiling core_cm0.c...
assembling startup_M051Series.s...
creating preprocessor file for system_M051Series.c...
compiling system_M051Series.c...
creating preprocessor file for main.c...
compiling main.c...
creating preprocessor file for retarget.c...
compiling retarget.c...
linking...
Program Size: Code=1652 RO-data=224 RW-data=112 ZI-data=544  
User command #1: fromelf --bin ".\obj\switch.axf" --output ".\obj\switch.bin"
User command #2: fromelf --text -c ".\obj\switch.axf" --output ".\obj\switch.txt"
".\obj\switch.axf" - 0 Error(s), 0 Warning(s).
Load "E:\\laodu\\switch\\m0516\\code\\Project\\obj\\switch.AXF" 
Build target 'switch'
creating preprocessor file for core_cm0.c...
compiling core_cm0.c...
assembling startup_M051Series.s...
creating preprocessor file for system_M051Series.c...
compiling system_M051Series.c...
creating preprocessor file for main.c...
compiling main.c...
creating preprocessor file for retarget.c...
compiling retarget.c...
linking...
Program Size: Code=1656 RO-data=224 RW-data=112 ZI-data=544  
User command #1: fromelf --bin ".\obj\switch.axf" --output ".\obj\switch.bin"
User command #2: fromelf --text -c ".\obj\switch.axf" --output ".\obj\switch.txt"
".\obj\switch.axf" - 0 Error(s), 0 Warning(s).
Load "E:\\laodu\\switch\\m0516\\code\\Project\\obj\\switch.AXF" 
Build target 'switch'
creating preprocessor file for core_cm0.c...
compiling core_cm0.c...
assembling startup_M051Series.s...
creating preprocessor file for system_M051Series.c...
compiling system_M051Series.c...
creating preprocessor file for main.c...
compiling main.c...
creating preprocessor file for retarget.c...
compiling retarget.c...
linking...
Program Size: Code=1636 RO-data=224 RW-data=112 ZI-data=544  
User command #1: fromelf --bin ".\obj\switch.axf" --output ".\obj\switch.bin"
User command #2: fromelf --text -c ".\obj\switch.axf" --output ".\obj\switch.txt"
".\obj\switch.axf" - 0 Error(s), 0 Warning(s).
Load "E:\\laodu\\switch\\m0516\\code\\Project\\obj\\switch.AXF" 
Build target 'switch'
creating preprocessor file for core_cm0.c...
compiling core_cm0.c...
assembling startup_M051Series.s...
creating preprocessor file for system_M051Series.c...
compiling system_M051Series.c...
creating preprocessor file for main.c...
compiling main.c...
creating preprocessor file for retarget.c...
compiling retarget.c...
linking...
Program Size: Code=1640 RO-data=224 RW-data=112 ZI-data=528  
User command #1: fromelf --bin ".\obj\switch.axf" --output ".\obj\switch.bin"
User command #2: fromelf --text -c ".\obj\switch.axf" --output ".\obj\switch.txt"
".\obj\switch.axf" - 0 Error(s), 0 Warning(s).
Load "E:\\laodu\\switch\\m0516\\code\\Project\\obj\\switch.AXF" 
Build target 'switch'
creating preprocessor file for core_cm0.c...
compiling core_cm0.c...
assembling startup_M051Series.s...
creating preprocessor file for system_M051Series.c...
compiling system_M051Series.c...
creating preprocessor file for main.c...
compiling main.c...
creating preprocessor file for retarget.c...
compiling retarget.c...
linking...
Program Size: Code=1652 RO-data=224 RW-data=112 ZI-data=528  
User command #1: fromelf --bin ".\obj\switch.axf" --output ".\obj\switch.bin"
User command #2: fromelf --text -c ".\obj\switch.axf" --output ".\obj\switch.txt"
".\obj\switch.axf" - 0 Error(s), 0 Warning(s).
Build target 'switch'
creating preprocessor file for core_cm0.c...
compiling core_cm0.c...
assembling startup_M051Series.s...
creating preprocessor file for system_M051Series.c...
compiling system_M051Series.c...
creating preprocessor file for main.c...
compiling main.c...
creating preprocessor file for retarget.c...
compiling retarget.c...
linking...
Program Size: Code=1652 RO-data=224 RW-data=112 ZI-data=528  
User command #1: fromelf --bin ".\obj\switch.axf" --output ".\obj\switch.bin"
User command #2: fromelf --text -c ".\obj\switch.axf" --output ".\obj\switch.txt"
".\obj\switch.axf" - 0 Error(s), 0 Warning(s).
Load "E:\\laodu\\switch\\m0516\\code\\Project\\obj\\switch.AXF" 
Build target 'switch'
creating preprocessor file for core_cm0.c...
compiling core_cm0.c...
assembling startup_M051Series.s...
creating preprocessor file for system_M051Series.c...
compiling system_M051Series.c...
creating preprocessor file for main.c...
compiling main.c...
creating preprocessor file for retarget.c...
compiling retarget.c...
linking...
Program Size: Code=1656 RO-data=224 RW-data=112 ZI-data=528  
User command #1: fromelf --bin ".\obj\switch.axf" --output ".\obj\switch.bin"
User command #2: fromelf --text -c ".\obj\switch.axf" --output ".\obj\switch.txt"
".\obj\switch.axf" - 0 Error(s), 0 Warning(s).
Load "E:\\laodu\\switch\\m0516\\code\\Project\\obj\\switch.AXF" 
Build target 'switch'
creating preprocessor file for core_cm0.c...
compiling core_cm0.c...
assembling startup_M051Series.s...
creating preprocessor file for system_M051Series.c...
compiling system_M051Series.c...
creating preprocessor file for main.c...
compiling main.c...
creating preprocessor file for retarget.c...
compiling retarget.c...
linking...
Program Size: Code=1656 RO-data=224 RW-data=112 ZI-data=528  
User command #1: fromelf --bin ".\obj\switch.axf" --output ".\obj\switch.bin"
User command #2: fromelf --text -c ".\obj\switch.axf" --output ".\obj\switch.txt"
".\obj\switch.axf" - 0 Error(s), 0 Warning(s).
Load "E:\\laodu\\switch\\m0516\\code\\Project\\obj\\switch.AXF" 
Build target 'switch'
creating preprocessor file for core_cm0.c...
compiling core_cm0.c...
assembling startup_M051Series.s...
creating preprocessor file for system_M051Series.c...
compiling system_M051Series.c...
creating preprocessor file for main.c...
compiling main.c...
creating preprocessor file for retarget.c...
compiling retarget.c...
linking...
Program Size: Code=1664 RO-data=224 RW-data=112 ZI-data=528  
User command #1: fromelf --bin ".\obj\switch.axf" --output ".\obj\switch.bin"
User command #2: fromelf --text -c ".\obj\switch.axf" --output ".\obj\switch.txt"
".\obj\switch.axf" - 0 Error(s), 0 Warning(s).
Build target 'switch'
creating preprocessor file for core_cm0.c...
compiling core_cm0.c...
assembling startup_M051Series.s...
creating preprocessor file for system_M051Series.c...
compiling system_M051Series.c...
creating preprocessor file for main.c...
compiling main.c...
creating preprocessor file for retarget.c...
compiling retarget.c...
linking...
Program Size: Code=1664 RO-data=224 RW-data=112 ZI-data=528  
User command #1: fromelf --bin ".\obj\switch.axf" --output ".\obj\switch.bin"
User command #2: fromelf --text -c ".\obj\switch.axf" --output ".\obj\switch.txt"
".\obj\switch.axf" - 0 Error(s), 0 Warning(s).
Load "E:\\laodu\\switch\\m0516\\code\\Project\\obj\\switch.AXF" 
