ARM Linker, RVCT4.0 [Build 524] for uVision [Standard]

==============================================================================

Small function inlining results

Inlined total of 0 calls.

==============================================================================

Section Cross References

    startup_m051series.o(RESET) refers to startup_m051series.o(STACK) for __initial_sp
    startup_m051series.o(RESET) refers to startup_m051series.o(.text) for Reset_Handler
    startup_m051series.o(RESET) refers to main.o(.text) for PWMA_IRQHandler
    startup_m051series.o(.text) refers to system_m051series.o(.text) for SystemInit
    startup_m051series.o(.text) refers to entry.o(.ARM.Collect$$$$00000000) for __main
    system_m051series.o(.text) refers to uidiv.o(.text) for __aeabi_uidivmod
    system_m051series.o(.text) refers to system_m051series.o(.data) for .data
    system_m051series.o(.text) refers to system_m051series.o(.constdata) for .constdata
    system_m051series.o(.text) refers to system_m051series.o(.data) for .data
    main.o(.text) refers to main.o(.data) for .data
    main.o(.text) refers to main.o(.bss) for .bss
    main.o(.text) refers to system_m051series.o(.data) for PllClock
    retarget.o(.text) refers to retarget.o(.text) for SendChar_ToUART
    retarget.o(.text) refers to retarget.o(.text) for SendChar_ToUART
    retarget.o(.text) refers to retarget.o(.text) for SendChar_ToUART
    retarget.o(.text) refers to retarget.o(.text) for GetChar
    entry.o(.ARM.Collect$$$$00000000) refers (Special) to entry7.o(.ARM.Collect$$$$00000007) for _main_init
    entry.o(.ARM.Collect$$$$00000000) refers (Special) to entry5.o(.ARM.Collect$$$$00000004) for _main_scatterload
    entry.o(.ARM.Collect$$$$00000000) refers (Special) to entry2.o(.ARM.Collect$$$$00000001) for _main_stk
    entry2.o(.ARM.Collect$$$$00000001) refers to entry2.o(.ARM.Collect$$$$00002712) for __lit__00000000
    entry2.o(.ARM.Collect$$$$00002712) refers to startup_m051series.o(STACK) for __initial_sp
    entry2.o(__vectab_stack_and_reset_area) refers to startup_m051series.o(STACK) for __initial_sp
    entry2.o(__vectab_stack_and_reset_area) refers to entry.o(.ARM.Collect$$$$00000000) for __main
    entry5.o(.ARM.Collect$$$$00000004) refers to init.o(.text) for __scatterload
    entry7.o(.ARM.Collect$$$$00000007) refers to main.o(.text) for main
    init.o(.text) refers to entry5.o(.ARM.Collect$$$$00000004) for __main_after_scatterload


==============================================================================

Removing Unused input sections from the image.

    Removing core_cm0.o(.emb_text), (32 bytes).
    Removing startup_m051series.o(HEAP), (0 bytes).
    Removing system_m051series.o(.text), (140 bytes).
    Removing system_m051series.o(.constdata), (32 bytes).
    Removing retarget.o(.text), (32 bytes).
    Removing retarget.o(.text), (8 bytes).
    Removing retarget.o(.text), (20 bytes).
    Removing retarget.o(.text), (16 bytes).
    Removing retarget.o(.text), (16 bytes).
    Removing retarget.o(.text), (8 bytes).
    Removing retarget.o(.text), (12 bytes).
    Removing retarget.o(.text), (8 bytes).
    Removing retarget.o(.text), (6 bytes).
    Removing retarget.o(.data), (4 bytes).
    Removing retarget.o(.data), (4 bytes).

15 unused section(s) (total 338 bytes) removed from the image.

==============================================================================

Image Symbol Table

    Local Symbols

    Symbol Name                              Value     Ov Type        Size  Object(Section)

    RESET                                    0x00000000   Section      192  startup_m051series.o(RESET)
    ../../microlib/division.c                0x00000000   Number         0  uidiv.o ABSOLUTE
    ../../microlib/init/entry.s              0x00000000   Number         0  entry.o ABSOLUTE
    ../../microlib/init/entry.s              0x00000000   Number         0  entry7.o ABSOLUTE
    ../../microlib/init/entry.s              0x00000000   Number         0  entry5.o ABSOLUTE
    ../../microlib/init/entry.s              0x00000000   Number         0  entry2.o ABSOLUTE
    ../../microlib/printf/stubs.s            0x00000000   Number         0  stubs.o ABSOLUTE
    ..\Library\CMSIS\CM0\CoreSupport\core_cm0.c 0x00000000   Number         0  core_cm0.o ABSOLUTE
    ..\Library\CMSIS\CM0\DeviceSupport\Nuvoton\M051Series\startup\arm\startup_M051Series.s 0x00000000   Number         0  startup_m051series.o ABSOLUTE
    ..\Library\CMSIS\CM0\DeviceSupport\Nuvoton\M051Series\system_M051Series.c 0x00000000   Number         0  system_m051series.o ABSOLUTE
    ..\Library\StdDriver\src\retarget.c      0x00000000   Number         0  retarget.o ABSOLUTE
    ..\\Library\\CMSIS\\CM0\\CoreSupport\\core_cm0.c 0x00000000   Number         0  core_cm0.o ABSOLUTE
    ..\src\main.c                            0x00000000   Number         0  main.o ABSOLUTE
    handlers.s                               0x00000000   Number         0  handlers.o ABSOLUTE
    init.s                                   0x00000000   Number         0  init.o ABSOLUTE
    .ARM.Collect$$$$00000000                 0x000000c0   Section        0  entry.o(.ARM.Collect$$$$00000000)
    .ARM.Collect$$$$00000001                 0x000000c0   Section        4  entry2.o(.ARM.Collect$$$$00000001)
    .ARM.Collect$$$$00000004                 0x000000c4   Section        4  entry5.o(.ARM.Collect$$$$00000004)
    .ARM.Collect$$$$00000007                 0x000000c8   Section        8  entry7.o(.ARM.Collect$$$$00000007)
    .ARM.Collect$$$$00002712                 0x000000d0   Section        4  entry2.o(.ARM.Collect$$$$00002712)
    __lit__00000000                          0x000000d0   Data           4  entry2.o(.ARM.Collect$$$$00002712)
    .text                                    0x000000d4   Section       76  startup_m051series.o(.text)
    Default_Handler                          0x000000ff   Thumb Code     2  startup_m051series.o(.text)
    .text                                    0x00000120   Section      116  system_m051series.o(.text)
    .text                                    0x00000194   Section     1384  main.o(.text)
    NVIC_EnableIRQ                           0x000006a5   Thumb Code    14  main.o(.text)
    SYS_WaitingForClockReady                 0x000006b3   Thumb Code    26  main.o(.text)
    SYS_UnlockReg                            0x000006cd   Thumb Code    16  main.o(.text)
    .text                                    0x000006fc   Section       36  init.o(.text)
    i.__scatterload_copy                     0x00000720   Section       14  handlers.o(i.__scatterload_copy)
    i.__scatterload_null                     0x0000072e   Section        2  handlers.o(i.__scatterload_null)
    i.__scatterload_zeroinit                 0x00000730   Section       14  handlers.o(i.__scatterload_zeroinit)
    .data                                    0x20000000   Section       12  system_m051series.o(.data)
    .data                                    0x2000000c   Section      100  main.o(.data)
    .bss                                     0x20000070   Section       16  main.o(.bss)
    STACK                                    0x20000080   Section      512  startup_m051series.o(STACK)

    Global Symbols

    Symbol Name                              Value     Ov Type        Size  Object(Section)

    BuildAttributes$$THM_ISAv3M$S$PE$A:L22$X:L11$S22$IEEE1$IW$USESV6$~STKCKD$USESV7$~SHL$OSPACE$EBA8$MICROLIB$REQ8$PRES8$EABIv2 0x00000000   Number         0  anon$$obj.o ABSOLUTE
    __ARM_use_no_argv                        0x00000000   Number         0  main.o ABSOLUTE
    __Vectors                                0x00000000   Data           4  startup_m051series.o(RESET)
    _printf_a                                0x00000000   Number         0  stubs.o ABSOLUTE
    _printf_c                                0x00000000   Number         0  stubs.o ABSOLUTE
    _printf_charcount                        0x00000000   Number         0  stubs.o ABSOLUTE
    _printf_d                                0x00000000   Number         0  stubs.o ABSOLUTE
    _printf_e                                0x00000000   Number         0  stubs.o ABSOLUTE
    _printf_f                                0x00000000   Number         0  stubs.o ABSOLUTE
    _printf_flags                            0x00000000   Number         0  stubs.o ABSOLUTE
    _printf_fp_dec                           0x00000000   Number         0  stubs.o ABSOLUTE
    _printf_fp_hex                           0x00000000   Number         0  stubs.o ABSOLUTE
    _printf_g                                0x00000000   Number         0  stubs.o ABSOLUTE
    _printf_i                                0x00000000   Number         0  stubs.o ABSOLUTE
    _printf_int_dec                          0x00000000   Number         0  stubs.o ABSOLUTE
    _printf_l                                0x00000000   Number         0  stubs.o ABSOLUTE
    _printf_lc                               0x00000000   Number         0  stubs.o ABSOLUTE
    _printf_ll                               0x00000000   Number         0  stubs.o ABSOLUTE
    _printf_lld                              0x00000000   Number         0  stubs.o ABSOLUTE
    _printf_lli                              0x00000000   Number         0  stubs.o ABSOLUTE
    _printf_llo                              0x00000000   Number         0  stubs.o ABSOLUTE
    _printf_llu                              0x00000000   Number         0  stubs.o ABSOLUTE
    _printf_llx                              0x00000000   Number         0  stubs.o ABSOLUTE
    _printf_longlong_dec                     0x00000000   Number         0  stubs.o ABSOLUTE
    _printf_longlong_hex                     0x00000000   Number         0  stubs.o ABSOLUTE
    _printf_longlong_oct                     0x00000000   Number         0  stubs.o ABSOLUTE
    _printf_ls                               0x00000000   Number         0  stubs.o ABSOLUTE
    _printf_mbtowc                           0x00000000   Number         0  stubs.o ABSOLUTE
    _printf_n                                0x00000000   Number         0  stubs.o ABSOLUTE
    _printf_o                                0x00000000   Number         0  stubs.o ABSOLUTE
    _printf_p                                0x00000000   Number         0  stubs.o ABSOLUTE
    _printf_percent                          0x00000000   Number         0  stubs.o ABSOLUTE
    _printf_pre_padding                      0x00000000   Number         0  stubs.o ABSOLUTE
    _printf_return_value                     0x00000000   Number         0  stubs.o ABSOLUTE
    _printf_s                                0x00000000   Number         0  stubs.o ABSOLUTE
    _printf_sizespec                         0x00000000   Number         0  stubs.o ABSOLUTE
    _printf_str                              0x00000000   Number         0  stubs.o ABSOLUTE
    _printf_truncate_signed                  0x00000000   Number         0  stubs.o ABSOLUTE
    _printf_truncate_unsigned                0x00000000   Number         0  stubs.o ABSOLUTE
    _printf_u                                0x00000000   Number         0  stubs.o ABSOLUTE
    _printf_wc                               0x00000000   Number         0  stubs.o ABSOLUTE
    _printf_wctomb                           0x00000000   Number         0  stubs.o ABSOLUTE
    _printf_widthprec                        0x00000000   Number         0  stubs.o ABSOLUTE
    _printf_x                                0x00000000   Number         0  stubs.o ABSOLUTE
    __decompress                              - Undefined Weak Reference
    __main                                   0x000000c1   Thumb Code     0  entry.o(.ARM.Collect$$$$00000000)
    _main_stk                                0x000000c1   Thumb Code     0  entry2.o(.ARM.Collect$$$$00000001)
    _main_scatterload                        0x000000c5   Thumb Code     0  entry5.o(.ARM.Collect$$$$00000004)
    __main_after_scatterload                 0x000000c9   Thumb Code     0  entry5.o(.ARM.Collect$$$$00000004)
    _main_init                               0x000000c9   Thumb Code     0  entry7.o(.ARM.Collect$$$$00000007)
    Reset_Handler                            0x000000d5   Thumb Code    32  startup_m051series.o(.text)
    NMI_Handler                              0x000000f5   Thumb Code     2  startup_m051series.o(.text)
    HardFault_Handler                        0x000000f7   Thumb Code     2  startup_m051series.o(.text)
    SVC_Handler                              0x000000f9   Thumb Code     2  startup_m051series.o(.text)
    PendSV_Handler                           0x000000fb   Thumb Code     2  startup_m051series.o(.text)
    SysTick_Handler                          0x000000fd   Thumb Code     2  startup_m051series.o(.text)
    ACMP0_IRQHandler                         0x000000ff   Thumb Code     0  startup_m051series.o(.text)
    ACMP1_IRQHandler                         0x000000ff   Thumb Code     0  startup_m051series.o(.text)
    ADC_IRQHandler                           0x000000ff   Thumb Code     0  startup_m051series.o(.text)
    BOD_IRQHandler                           0x000000ff   Thumb Code     0  startup_m051series.o(.text)
    EINT0_IRQHandler                         0x000000ff   Thumb Code     0  startup_m051series.o(.text)
    EINT1_IRQHandler                         0x000000ff   Thumb Code     0  startup_m051series.o(.text)
    GPIOP0P1_IRQHandler                      0x000000ff   Thumb Code     0  startup_m051series.o(.text)
    GPIOP2P3P4_IRQHandler                    0x000000ff   Thumb Code     0  startup_m051series.o(.text)
    I2C0_IRQHandler                          0x000000ff   Thumb Code     0  startup_m051series.o(.text)
    I2C1_IRQHandler                          0x000000ff   Thumb Code     0  startup_m051series.o(.text)
    PWMB_IRQHandler                          0x000000ff   Thumb Code     0  startup_m051series.o(.text)
    PWRWU_IRQHandler                         0x000000ff   Thumb Code     0  startup_m051series.o(.text)
    RTC_IRQHandler                           0x000000ff   Thumb Code     0  startup_m051series.o(.text)
    SPI0_IRQHandler                          0x000000ff   Thumb Code     0  startup_m051series.o(.text)
    SPI1_IRQHandler                          0x000000ff   Thumb Code     0  startup_m051series.o(.text)
    TMR1_IRQHandler                          0x000000ff   Thumb Code     0  startup_m051series.o(.text)
    TMR2_IRQHandler                          0x000000ff   Thumb Code     0  startup_m051series.o(.text)
    TMR3_IRQHandler                          0x000000ff   Thumb Code     0  startup_m051series.o(.text)
    UART0_IRQHandler                         0x000000ff   Thumb Code     0  startup_m051series.o(.text)
    UART1_IRQHandler                         0x000000ff   Thumb Code     0  startup_m051series.o(.text)
    WDT_IRQHandler                           0x000000ff   Thumb Code     0  startup_m051series.o(.text)
    SystemInit                               0x00000121   Thumb Code    88  system_m051series.o(.text)
    capture_interrupt_save_data              0x00000195   Thumb Code    76  main.o(.text)
    PWMA_IRQHandler                          0x000001e1   Thumb Code   210  main.o(.text)
    TMR0_IRQHandler                          0x000002b3   Thumb Code    16  main.o(.text)
    SYS_Init                                 0x000002c3   Thumb Code   102  main.o(.text)
    open_pwm3                                0x00000329   Thumb Code   114  main.o(.text)
    open_pwm                                 0x0000039b   Thumb Code   154  main.o(.text)
    close_pwm                                0x00000435   Thumb Code   142  main.o(.text)
    open_capture                             0x000004c3   Thumb Code    78  main.o(.text)
    open_timer0                              0x00000511   Thumb Code    28  main.o(.text)
    close_timer0                             0x0000052d   Thumb Code    18  main.o(.text)
    clean_capture_flag                       0x0000053f   Thumb Code    16  main.o(.text)
    open_capture_flag                        0x0000054f   Thumb Code    18  main.o(.text)
    calculate_capture_frequency              0x00000561   Thumb Code   130  main.o(.text)
    main                                     0x000005e3   Thumb Code   194  main.o(.text)
    __scatterload                            0x000006fd   Thumb Code    28  init.o(.text)
    __scatterload_rt2                        0x000006fd   Thumb Code     0  init.o(.text)
    __scatterload_copy                       0x00000721   Thumb Code    14  handlers.o(i.__scatterload_copy)
    __scatterload_null                       0x0000072f   Thumb Code     2  handlers.o(i.__scatterload_null)
    __scatterload_zeroinit                   0x00000731   Thumb Code    14  handlers.o(i.__scatterload_zeroinit)
    Region$$Table$$Base                      0x00000740   Number         0  anon$$obj.o(Region$$Table)
    Region$$Table$$Limit                     0x00000760   Number         0  anon$$obj.o(Region$$Table)
    SystemCoreClock                          0x20000000   Data           4  system_m051series.o(.data)
    CyclesPerUs                              0x20000004   Data           4  system_m051series.o(.data)
    PllClock                                 0x20000008   Data           4  system_m051series.o(.data)
    pwm0_count                               0x2000000c   Data           1  main.o(.data)
    pwm1_count                               0x2000000d   Data           1  main.o(.data)
    linght_gray0                             0x2000000e   Data           1  main.o(.data)
    linght_gray1                             0x2000000f   Data           1  main.o(.data)
    capture_start_enable                     0x20000010   Data           1  main.o(.data)
    capture_first_edge                       0x20000011   Data           1  main.o(.data)
    capture_lose_flag                        0x20000012   Data           1  main.o(.data)
    capture_wave_count                       0x20000013   Data           1  main.o(.data)
    light_flag                               0x20000014   Data           1  main.o(.data)
    timer0_100ms_count                       0x20000018   Data           4  main.o(.data)
    Brightness                               0x2000001c   Data          84  main.o(.data)
    capture_value_array                      0x20000070   Data          16  main.o(.bss)
    __initial_sp                             0x20000280   Data           0  startup_m051series.o(STACK)



==============================================================================

Memory Map of the image

  Image Entry point : 0x000000d5

  Load Region LR_1 (Base: 0x00000000, Size: 0x000007d0, Max: 0xffffffff, ABSOLUTE)

    Execution Region ER_RO (Base: 0x00000000, Size: 0x00000760, Max: 0xffffffff, ABSOLUTE)

    Base Addr    Size         Type   Attr      Idx    E Section Name        Object

    0x00000000   0x000000c0   Data   RO           19    RESET               startup_m051series.o
    0x000000c0   0x00000000   Code   RO          188  * .ARM.Collect$$$$00000000  entry.o(mc_p.l)
    0x000000c0   0x00000004   Code   RO          192    .ARM.Collect$$$$00000001  entry2.o(mc_p.l)
    0x000000c4   0x00000004   Code   RO          195    .ARM.Collect$$$$00000004  entry5.o(mc_p.l)
    0x000000c8   0x00000008   Code   RO          196    .ARM.Collect$$$$00000007  entry7.o(mc_p.l)
    0x000000d0   0x00000004   Code   RO          193    .ARM.Collect$$$$00002712  entry2.o(mc_p.l)
    0x000000d4   0x0000004c   Code   RO           20  * .text               startup_m051series.o
    0x00000120   0x00000074   Code   RO           25    .text               system_m051series.o
    0x00000194   0x00000568   Code   RO           92    .text               main.o
    0x000006fc   0x00000024   Code   RO          197    .text               init.o(mc_p.l)
    0x00000720   0x0000000e   Code   RO          201    i.__scatterload_copy  handlers.o(mc_p.l)
    0x0000072e   0x00000002   Code   RO          202    i.__scatterload_null  handlers.o(mc_p.l)
    0x00000730   0x0000000e   Code   RO          203    i.__scatterload_zeroinit  handlers.o(mc_p.l)
    0x0000073e   0x00000002   PAD
    0x00000740   0x00000020   Data   RO          199    Region$$Table       anon$$obj.o


    Execution Region ER_RW (Base: 0x20000000, Size: 0x00000070, Max: 0xffffffff, ABSOLUTE)

    Base Addr    Size         Type   Attr      Idx    E Section Name        Object

    0x20000000   0x0000000c   Data   RW           27    .data               system_m051series.o
    0x2000000c   0x00000064   Data   RW           94    .data               main.o


    Execution Region ER_ZI (Base: 0x20000070, Size: 0x00000210, Max: 0xffffffff, ABSOLUTE)

    Base Addr    Size         Type   Attr      Idx    E Section Name        Object

    0x20000070   0x00000010   Zero   RW           93    .bss                main.o
    0x20000080   0x00000200   Zero   RW           17    STACK               startup_m051series.o


==============================================================================

Image component sizes


      Code (inc. data)   RO Data    RW Data    ZI Data      Debug   Object Name

         0          0          0          0          0       4208   core_cm0.o
      1384        104          0        100         16      26066   main.o
        76         32        192          0        512        512   startup_m051series.o
       116         28          0         12          0      64727   system_m051series.o

    ----------------------------------------------------------------------
      1576        164        224        112        528      95513   Object Totals
         0          0         32          0          0          0   (incl. Generated)
         0          0          0          0          0          3   (incl. Padding)

    ----------------------------------------------------------------------

      Code (inc. data)   RO Data    RW Data    ZI Data      Debug   Library Member Name

         0          0          0          0          0          0   entry.o
         8          4          0          0          0          0   entry2.o
         4          0          0          0          0          0   entry5.o
         8          4          0          0          0          0   entry7.o
        30          0          0          0          0          0   handlers.o
        36          8          0          0          0         68   init.o

    ----------------------------------------------------------------------
        88         16          0          0          0         68   Library Totals
         2          0          0          0          0          0   (incl. Padding)

    ----------------------------------------------------------------------

      Code (inc. data)   RO Data    RW Data    ZI Data      Debug   Library Name

        86         16          0          0          0         68   mc_p.l

    ----------------------------------------------------------------------
        88         16          0          0          0         68   Library Totals

    ----------------------------------------------------------------------

==============================================================================


      Code (inc. data)   RO Data    RW Data    ZI Data      Debug   

      1664        180        224        112        528      95492   Grand Totals
      1664        180        224        112        528      95492   ELF Image Totals
      1664        180        224        112          0          0   ROM Totals

==============================================================================

    Total RO  Size (Code + RO Data)                 1888 (   1.84kB)
    Total RW  Size (RW Data + ZI Data)               640 (   0.63kB)
    Total ROM Size (Code + RO Data + RW Data)       2000 (   1.95kB)

==============================================================================

